EQUAL /api/health                                                            (39 ms)
EQUAL /api/run                                                               (713 ms)
EQUAL /api/campaigns?page_size=200                                           (304 ms)
EQUAL /api/campaigns/starts                                                  (1641 ms)
EQUAL /api/campaigns/picks                                                   (3061 ms)
EQUAL /api/decisions                                                         (660 ms)
EQUAL /api/decisions/actions                                                 (1075 ms)
EQUAL /api/decisions/menus                                                   (508 ms)
EQUAL /api/decisions/timeline                                                (69 ms)
EQUAL /api/decisions/diplomacy                                               (676 ms)
EQUAL /api/models                                                            (32 ms)
EQUAL /api/models/forcing                                                    (921 ms)
EQUAL /api/models/correlations                                               (543 ms)
EQUAL /api/models/training                                                   (922 ms)
EQUAL /api/items                                                             (419 ms)
EQUAL /api/items/swaps                                                       (1658 ms)
EQUAL /api/buildings                                                         (711 ms)
EQUAL /api/research                                                          (675 ms)
EQUAL /api/skills                                                            (959 ms)
EQUAL /api/traits                                                            (223 ms)
EQUAL /api/choices/research                                                  (1094 ms)
EQUAL /api/choices/skills                                                    (2043 ms)
EQUAL /api/choices/building                                                  (2186 ms)
EQUAL /api/overtime/research                                                 (491 ms)
EQUAL /api/positions                                                         (353 ms)
EQUAL /api/lookup                                                            (276 ms)
EQUAL /api/lookup/facets                                                     (21 ms)
EQUAL /api/reward-weights                                                    (39 ms)
EQUAL /api/campaigns/wh3_dlc26_kho_skulltaker_1a0028b391f_1a06a83aab7        (572 ms)
EQUAL /api/campaigns/wh3_dlc26_kho_skulltaker_1a0028b391f_1a06a83aab7/state  (51 ms)
EQUAL /api/campaigns/wh3_dlc26_kho_skulltaker_1a0028b391f_1a06a83aab7/buildings (19 ms)
EQUAL /api/campaigns/wh3_dlc26_kho_skulltaker_1a0028b391f_1a06a83aab7/research (72 ms)
EQUAL /api/campaigns/wh3_dlc26_kho_skulltaker_1a0028b391f_1a06a83aab7/skills (23 ms)
EQUAL /api/campaigns/wh3_dlc26_kho_skulltaker_1a0028b391f_1a06a83aab7/items  (61 ms)
EQUAL /api/campaigns/wh3_dlc26_kho_skulltaker_1a0028b391f_1a06a820eb6        (107 ms)
EQUAL /api/campaigns/wh3_dlc26_kho_skulltaker_1a0028b391f_1a06a820eb6/state  (30 ms)
EQUAL /api/campaigns/wh3_dlc26_kho_skulltaker_1a0028b391f_1a06a820eb6/buildings (17 ms)
EQUAL /api/campaigns/wh3_dlc26_kho_skulltaker_1a0028b391f_1a06a820eb6/research (58 ms)
EQUAL /api/campaigns/wh3_dlc26_kho_skulltaker_1a0028b391f_1a06a820eb6/skills (37 ms)
EQUAL /api/campaigns/wh3_dlc26_kho_skulltaker_1a0028b391f_1a06a820eb6/items  (83 ms)
EQUAL /api/campaigns/wh_main_dwf_karak_kadrin_d3230909b733bcd1_1a06a7e3927   (116 ms)
EQUAL /api/campaigns/wh_main_dwf_karak_kadrin_d3230909b733bcd1_1a06a7e3927/state (33 ms)
EQUAL /api/campaigns/wh_main_dwf_karak_kadrin_d3230909b733bcd1_1a06a7e3927/buildings (20 ms)
EQUAL /api/campaigns/wh_main_dwf_karak_kadrin_d3230909b733bcd1_1a06a7e3927/research (69 ms)
EQUAL /api/campaigns/wh_main_dwf_karak_kadrin_d3230909b733bcd1_1a06a7e3927/skills (36 ms)
EQUAL /api/campaigns/wh_main_dwf_karak_kadrin_d3230909b733bcd1_1a06a7e3927/items (100 ms)
EQUAL /api/campaigns/wh3_dlc26_kho_skulltaker_1a0028b391f_1a06a7786ba        (124 ms)
EQUAL /api/campaigns/wh3_dlc26_kho_skulltaker_1a0028b391f_1a06a7786ba/state  (42 ms)
EQUAL /api/campaigns/wh3_dlc26_kho_skulltaker_1a0028b391f_1a06a7786ba/buildings (32 ms)
EQUAL /api/campaigns/wh3_dlc26_kho_skulltaker_1a0028b391f_1a06a7786ba/research (42 ms)
EQUAL /api/campaigns/wh3_dlc26_kho_skulltaker_1a0028b391f_1a06a7786ba/skills (37 ms)
EQUAL /api/campaigns/wh3_dlc26_kho_skulltaker_1a0028b391f_1a06a7786ba/items  (100 ms)
EQUAL /api/campaigns/wh_main_emp_wissenland_1a002c66937_1a06a74d6fc          (101 ms)
EQUAL /api/campaigns/wh_main_emp_wissenland_1a002c66937_1a06a74d6fc/state    (30 ms)
EQUAL /api/campaigns/wh_main_emp_wissenland_1a002c66937_1a06a74d6fc/buildings (21 ms)
EQUAL /api/campaigns/wh_main_emp_wissenland_1a002c66937_1a06a74d6fc/research (38 ms)
EQUAL /api/campaigns/wh_main_emp_wissenland_1a002c66937_1a06a74d6fc/skills   (24 ms)
EQUAL /api/campaigns/wh_main_emp_wissenland_1a002c66937_1a06a74d6fc/items    (94 ms)
EQUAL /api/campaigns/wh2_main_hef_avelorn_1a0025dde56_1a06a737b35            (119 ms)
EQUAL /api/campaigns/wh2_main_hef_avelorn_1a0025dde56_1a06a737b35/state      (32 ms)
EQUAL /api/campaigns/wh2_main_hef_avelorn_1a0025dde56_1a06a737b35/buildings  (36 ms)
EQUAL /api/campaigns/wh2_main_hef_avelorn_1a0025dde56_1a06a737b35/research   (50 ms)
EQUAL /api/campaigns/wh2_main_hef_avelorn_1a0025dde56_1a06a737b35/skills     (31 ms)
EQUAL /api/campaigns/wh2_main_hef_avelorn_1a0025dde56_1a06a737b35/items      (94 ms)
EQUAL /api/campaigns/wh_main_grn_crooked_moon_1a002c7b8d5_1a06a7035bc        (87 ms)
EQUAL /api/campaigns/wh_main_grn_crooked_moon_1a002c7b8d5_1a06a7035bc/state  (21 ms)
EQUAL /api/campaigns/wh_main_grn_crooked_moon_1a002c7b8d5_1a06a7035bc/buildings (45 ms)
EQUAL /api/campaigns/wh_main_grn_crooked_moon_1a002c7b8d5_1a06a7035bc/research (26 ms)
EQUAL /api/campaigns/wh_main_grn_crooked_moon_1a002c7b8d5_1a06a7035bc/skills (10 ms)
EQUAL /api/campaigns/wh_main_grn_crooked_moon_1a002c7b8d5_1a06a7035bc/items  (78 ms)
EQUAL /api/campaigns/wh3_dlc20_chs_azazel_8de6ef44b17df587_1a06a6cf097       (118 ms)
EQUAL /api/campaigns/wh3_dlc20_chs_azazel_8de6ef44b17df587_1a06a6cf097/state (33 ms)
EQUAL /api/campaigns/wh3_dlc20_chs_azazel_8de6ef44b17df587_1a06a6cf097/buildings (34 ms)
EQUAL /api/campaigns/wh3_dlc20_chs_azazel_8de6ef44b17df587_1a06a6cf097/research (55 ms)
EQUAL /api/campaigns/wh3_dlc20_chs_azazel_8de6ef44b17df587_1a06a6cf097/skills (38 ms)
EQUAL /api/campaigns/wh3_dlc20_chs_azazel_8de6ef44b17df587_1a06a6cf097/items (60 ms)
EQUAL /api/campaigns/wh3_dlc23_chd_zhatan_1a0027efd7d_1a06a6bf9e3            (111 ms)
EQUAL /api/campaigns/wh3_dlc23_chd_zhatan_1a0027efd7d_1a06a6bf9e3/state      (31 ms)
EQUAL /api/campaigns/wh3_dlc23_chd_zhatan_1a0027efd7d_1a06a6bf9e3/buildings  (34 ms)
EQUAL /api/campaigns/wh3_dlc23_chd_zhatan_1a0027efd7d_1a06a6bf9e3/research   (35 ms)
EQUAL /api/campaigns/wh3_dlc23_chd_zhatan_1a0027efd7d_1a06a6bf9e3/skills     (30 ms)
EQUAL /api/campaigns/wh3_dlc23_chd_zhatan_1a0027efd7d_1a06a6bf9e3/items      (112 ms)
EQUAL /api/campaigns/wh3_main_dae_daemon_prince_1a00323bd13_1a06a6a45dc      (99 ms)
EQUAL /api/campaigns/wh3_main_dae_daemon_prince_1a00323bd13_1a06a6a45dc/state (38 ms)
EQUAL /api/campaigns/wh3_main_dae_daemon_prince_1a00323bd13_1a06a6a45dc/buildings (33 ms)
EQUAL /api/campaigns/wh3_main_dae_daemon_prince_1a00323bd13_1a06a6a45dc/research (48 ms)
EQUAL /api/campaigns/wh3_main_dae_daemon_prince_1a00323bd13_1a06a6a45dc/skills (44 ms)
EQUAL /api/campaigns/wh3_main_dae_daemon_prince_1a00323bd13_1a06a6a45dc/items (175 ms)
EQUAL /api/campaigns/starts/wh3_main_combi/wh_main_vmp_schwartzhafen         (224 ms)
EQUAL /api/campaigns/starts/wh3_main_combi/wh_main_vmp_schwartzhafen/performance (204 ms)
EQUAL /api/campaigns/starts/wh3_main_combi/wh_main_vmp_schwartzhafen/openings (532 ms)
EQUAL /api/campaigns/starts/wh3_main_combi/wh_main_vmp_schwartzhafen/campaigns (250 ms)
EQUAL /api/campaigns/starts/wh3_main_combi/wh_main_vmp_schwartzhafen/research (21544 ms)
EQUAL /api/campaigns/starts/wh3_main_combi/wh_main_vmp_schwartzhafen/skills  (936 ms)
EQUAL /api/campaigns/starts/wh3_main_combi/wh_main_vmp_schwartzhafen/items   (20827 ms)
EQUAL /api/campaigns/starts/wh3_main_combi/wh_main_vmp_schwartzhafen/buildings (10565 ms)
EQUAL /api/campaigns/starts/wh3_main_combi/wh3_main_cth_the_northern_provinces (243 ms)
EQUAL /api/campaigns/starts/wh3_main_combi/wh3_main_cth_the_northern_provinces/performance (198 ms)
EQUAL /api/campaigns/starts/wh3_main_combi/wh3_main_cth_the_northern_provinces/openings (597 ms)
EQUAL /api/campaigns/starts/wh3_main_combi/wh3_main_cth_the_northern_provinces/campaigns (840 ms)
EQUAL /api/campaigns/starts/wh3_main_combi/wh3_main_cth_the_northern_provinces/research (153 ms)
EQUAL /api/campaigns/starts/wh3_main_combi/wh3_main_cth_the_northern_provinces/skills (748 ms)
EQUAL /api/campaigns/starts/wh3_main_combi/wh3_main_cth_the_northern_provinces/items (378 ms)
EQUAL /api/campaigns/starts/wh3_main_combi/wh3_main_cth_the_northern_provinces/buildings (178 ms)
EQUAL /api/campaigns/starts/wh3_main_combi/wh3_dlc26_kho_arbaal              (369 ms)
EQUAL /api/campaigns/starts/wh3_main_combi/wh3_dlc26_kho_arbaal/performance  (280 ms)
EQUAL /api/campaigns/starts/wh3_main_combi/wh3_dlc26_kho_arbaal/openings     (286 ms)
EQUAL /api/campaigns/starts/wh3_main_combi/wh3_dlc26_kho_arbaal/campaigns    (190 ms)
EQUAL /api/campaigns/starts/wh3_main_combi/wh3_dlc26_kho_arbaal/research     (12458 ms)
EQUAL /api/campaigns/starts/wh3_main_combi/wh3_dlc26_kho_arbaal/skills       (602 ms)
EQUAL /api/campaigns/starts/wh3_main_combi/wh3_dlc26_kho_arbaal/items        (11031 ms)
EQUAL /api/campaigns/starts/wh3_main_combi/wh3_dlc26_kho_arbaal/buildings    (5636 ms)
EQUAL /api/decisions/206945                                                  (86 ms)
EQUAL /api/decisions/206944                                                  (45 ms)
EQUAL /api/decisions/206943                                                  (54 ms)
EQUAL /api/decisions/206942                                                  (53 ms)
EQUAL /api/decisions/206941                                                  (59 ms)
EQUAL /api/decisions/206940                                                  (48 ms)
EQUAL /api/decisions/206939                                                  (57 ms)
EQUAL /api/decisions/206938                                                  (75 ms)
EQUAL /api/decisions/206937                                                  (52 ms)
EQUAL /api/decisions/206936                                                  (29 ms)
EQUAL /api/decisions/206935                                                  (44 ms)
EQUAL /api/decisions/206934                                                  (56 ms)
EQUAL /api/decisions/206933                                                  (49 ms)
EQUAL /api/decisions/206932                                                  (27 ms)
EQUAL /api/decisions/206931                                                  (52 ms)
EQUAL /api/decisions/206930                                                  (76 ms)
EQUAL /api/decisions/206929                                                  (62 ms)
EQUAL /api/decisions/206928                                                  (60 ms)
EQUAL /api/decisions/206927                                                  (43 ms)
EQUAL /api/decisions/206926                                                  (49 ms)
EQUAL /api/campaigns/picks/3854                                              (1136 ms)
EQUAL /api/campaigns/picks/3853                                              (1068 ms)
EQUAL /api/campaigns/picks/3852                                              (1364 ms)
EQUAL /api/campaigns/picks/3851                                              (1157 ms)
EQUAL /api/campaigns/picks/3850                                              (1333 ms)
EQUAL /api/buildings/wh3_main_cth_settlement_major_2                         (242 ms)
EQUAL /api/buildings/wh3_main_cth_jade_barracks_1                            (712 ms)
EQUAL /api/buildings/wh3_main_cth_settlement_minor_1                         (650 ms)
EQUAL /api/buildings/wh_main_vmp_settlement_minor_1                          (495 ms)
EQUAL /api/buildings/wh3_main_cth_jade_barracks_2                            (486 ms)
EQUAL /api/research/wh2_main_tech_def_0_0_0                                  (349 ms)
EQUAL /api/research/wh3_main_tech_cth_28                                     (250 ms)
EQUAL /api/research/wh_main_tech_dwf_civ_0_2                                 (418 ms)
EQUAL /api/research/grn_tech_node_1                                          (706 ms)
EQUAL /api/research/wh_main_tech_dwf_mil_0_2                                 (789 ms)
EQUAL /api/skills/wh_main_skill_all_lord_campaign_route_marcher              (1023 ms)
EQUAL /api/skills/wh_main_skill_all_lord_battle_inspiring_presence           (936 ms)
EQUAL /api/skills/wh2_main_skill_all_immortality_hero                        (243 ms)
EQUAL /api/skills/wh3_main_skill_kho_generic_hates_slaanesh                  (340 ms)
EQUAL /api/skills/wh_main_skill_chs_lord_battle_dominating_presence          (562 ms)
EQUAL /api/traits/wh2_main_trait_public_order                                (324 ms)
EQUAL /api/traits/wh2_dlc17_trait_unique_expedient_engineer                  (195 ms)
EQUAL /api/traits/wh2_main_trait_wins_against_greenskins                     (188 ms)
EQUAL /api/traits/wh2_main_trait_sacking                                     (164 ms)
EQUAL /api/traits/wh2_main_trait_wins_against_tzeentch                       (193 ms)
EQUAL /api/items/wh_main_anc_enchanted_item_potion_of_strength               (374 ms)
EQUAL /api/items/wh_main_anc_enchanted_item_potion_of_speed                  (261 ms)
EQUAL /api/items/wh_pro02_anc_enchanted_item_blood_chalice_of_bathori        (180 ms)
EQUAL /api/items/wh_main_anc_arcane_item_earthing_rod                        (273 ms)
EQUAL /api/items/wh3_main_anc_follower_cth_jade_sculptor                     (184 ms)

162 routes compared, 162 equal, 0 differ
